// Jest Snapshot v1, https://goo.gl/fbAQLP

exports[`SuggestedListItem renders correctly 1`] = `[Function]`;
